DASHE='|
PSIK=,|
NEKUDA=.|
HE=ה|
END_FEMALE=ות|
END_MALE=ים|
BETAHAM=בטעם|
ISHUR=אישור|
LOGIN=כניסה|
LOGOUT=יציאה|
SMS_TEST=SMS בדיקה|
SMS_SIMULATOR=בדיקת מוצרים|
DB_LOADER=טעינת נתונים|
STATISTICS=סטטיסטיקה|
SHEL=של|
MISHTAMESH_HADASH=משתמש חדש|
SHACHACH_SISMA=נחסמת/שכחת סיסמא|
FIRST_NAME=שם פרטי|
LAST_NAME=שם משפחה|
EMAIL=דואר אלקטרוני|
CELIAC_MEMBER_ID=מס' חבר בעמותת צליאק|
USER_TZ=מס ת.ז. כפי שרשום בעמותה|
CELL_NUM=מס טלפון סלולרי|
USER_ID=שם משתמש|
PASSWORD=סיסמא|
HISHUR_PASSWORD=אישור סיסמא|
COL_HASADOT_CHOVA=חובה למלא את כל השדות|
HAMSHECH=המשך|
HASHER=אישור|
SAYEM=סיים|
HADKEN=עדכן|
CATEGORY=קטגוריה|
COMPANY=יצרן/יבואן|
PRODUCT=מוצר|
FREE_TEXT=טקסט חופשי - כפי שמתבצע מטלפון סלולרי|
BY_PRODUCT_AND_COMPANY=חיפוש חופשי לפי מוצר ויצרן|
DROP_DOWN_BY_COMPANY=חיפוש ע"פ יצרן ומוצר|
DROP_DOWN_BY_CATEGORY=חיפוש ע"פ קטגוריה ויצרן|
BEHEFSHARUTCHA=לנוחיותך, 3 אפשרויות לחיפוש|
HAZOR=חזור|
PITEY_HISTAMSHUT=הסכם שימוש|
ASHER_PIRETY_HISHTAMSHUT=קראתי את תנאי השימוש והנני מאשר אותם|
LO_MEHASHER_PIRTEY_HISHTAMSHUT=אינני מסכים לתנאי השימוש|
PIRTEY_SIMISH_HAYAV=יש לאשר את פרטי השימוש בכדי להמשיך.|
ANA_SAPEK=אנא ספק|
LO_KAYAM=לא קיים במערכת|
LO_TOHAMIM=לא תואם את הקיים במערכת|
LEFANECHA_WITH_GLUTEN=רשימת הקטגוריות שיש בהם מוצרים המכילים גלוטן:|
CATEGORIA_GLUTEN=לנוחיותך, מוצגת בפניך אפשרות לסרוק אך ורק מוצרים המכילים גלוטן.|
DIFF_HEADER=לנוחיותך, מוצגת בפניך אפשרות לבדוק אלו מוצרים עודכנו במדריך.|
DIFF_DATE_SELECT=מוצרים שעודכנו החל מ:|
DIFF_DATE=תאריך|
LEFANECHA_WITHOUT_GLUTEN=לנוחיותך, מוצגת בפניך אפשרות לסרוק ולהשוואות מוצרים מחברות שונות על פי קטגוריה בלבד.|
CATEGORIA_WITHOUT_GLUTEN=רשימת הקטגוריות:|
MISHTAMESH_KAYAM=משתמש כבר קיים במערכת עבור מספר חבר|
LO_BETOKEF=איננו בתוקף - תאריך תפוגה|
ONLY_BUY_BOOK=הגישה למערכת מותנת ברכישת העדכון האחרון למדריך העמותה|
SISMA_LO_TOHAMIM=סיסמא ואימות סיסמא אינם תואמים|
SHEM_MISHTAMESH_KAYAM=שם המשתמש שבחרת כבר קים במערכת. אנא בחר שם אחר|
EMAIL_LO_TOHEM=כתובות הדואר האלקטרוני שסיפקת אינן תואמות זה לזה|
NEW_USER_SUCCESS=הרשמתך הסתימה בהצלחה<BR>אימייל עם פרטי ההרשמה והסבר נוסף ישלח אליך בדקות הקרובות<BR>אנו ממליצים לבדוק גם את תיקית דואר הזבל ליתר ביטחון|
SHALOM=שלום|
NO_SPACIAL_CHARS=סיסמא ושם משתמש חייבים להיות באנגלית ואסורים מלהכיל את התוים|
LOST_IDENTITY=מציאת פרטי משתמש|
LI_STILL_NOT_REGISTERED=עדין לא קיים עבורך שם משתמש במערכת. אנא הירשם תחילה בעזרת 'משתמש חדש'. תודה|
LI_IS_REGISTERED=נמצאת במערכת. אימייל ישלח אליך תוך מספר דקות לכתובת:|
EDIT_USER_DETAILS=שינוי פרטים אישיים|
EXPIRATION_DATE=תאריך תפוגת חברות בעמותה|
LAST_UPDATE_WAS_PURCHASE=עדכון אחרון נרכש|
SHMOR_SHIMUIM=שמור שינויים|
SHINUIM_NISHMERU=השינויים נשמרו בהצלחה|
SITE_IS_CLOSE=האתר עדין תחת בדיקה. כל שימוש הוא על אחריותך בלבד. אימייל לא ישלח כתוצאה משום פעילות שתעשה ואין למפעיל האתר שום אחריות על תוכן האתר|
MANAGE_USERS=ניהול משתמשים|
ADD_NEW_USER=הוסף משתמש חדש|
ADD_BASIC_USER=ספק פרטים בסיסיים|
ADD_FULL_USER=ספק פרטים מורחבים|
SEARCH_USER=חפש משתמש|
SEARCH_BASED_ON_TZ=בעזרת תעודת זהות|
SEARCH_BASED_ON_EMAIL=בעזרת אימייל|
SEARCH_BASED_ON_MEMBER_ID=בעזרת מספר חבר|
MEMBER_ID_MISHTAMESH_KAYAM=מספר החבר שציינת כבר קיים במערכת|
TZ_ID_MISHTAMESH_KAYAM=מספר ת.ז. שציינת כבר קיים במערכת|
SIMULATOR_FOR_CELL=הדמיית השתמשות בסלולרי|
USER_WAS_CREATED=משתמש נוצר בהצלחה|
ADMIN=אדמיניסטרטור|
USER=רגיל|
MITNADEV=מתנדב|
TYPE_OF_USER=סוג משתמש|
RECORED_NOT_FOUND=לא נמצאו נתונים|
USER_UPDATED_SUCSESFULY=משתמש עודכן בהצלחה|
USER_OR_PASS_INCORRECT=שם משתמש או סיסמא שגויים|
USER_EXPIRED=משתמש איננו בתוקף - חברותך פגה|
HELP=עזרה|
CELL_USE=הסבר על שימוש בעזרת הפלאפון|
REG_USE=שימוש שוטף באתר|
YOUR_CELL_ADDRESS=כתובתך לשימוש בטלפון הסלולרי|
YOUR_ADVANCE_CELL_ADDREDD=כתובתך לשימוש בטלפון סלולרי מתקדם בעל מסך רחב|
TERMS=כל הזכויות שמורות לעמותת צליאק בישראל 2008|
ONE_WORD=על סיסמא או שם משתמש להכיל לא יותר ממילה אחת בלבד|
DELETE_USER=מחק משתמש|
USER_DELETED_SUCSESFULY=המשתמש נמחק בהצלחה|
ALL_USERS=כל המשתמשים|
SEND_EMAIL_ALL=שלח אימייל לכולם|
ADD_TO_FAVORITES=הוספה למועדפים (כניסה ללא סיסמא)|
ADD_TO_IPHONE=הוספה כאפליקציה לאייפון|
ADD_TO_BROWSER=לחץ להוספה|
ADD_TO_BROWSER_ONLY_FROM_IPHONE=לחץ להוספה רק מתוך גלישה באייפון|
FIND_ALL_USERS=הצג חברים רשומים|
EMAIL_WAS_SENT_SECCESS=האימייל נשלח בהצלחה|
SUBJECT=נושא|
SEND_EMAIL=שלח אימייל|
TOTAL_USERS=סה"כ משתמשים רשומים|
FRAIND_NUM=מס' חבר|
NOT_A_VALID_EMAIL=הדואר האלקטרוני שסיפקת אינו תקין. אנא ספק דואר אלקטרוני תקין אחד בלבד|
AMUTA=עמותת צליאק בישראל|
MEMBERS_1=חברי עמותת צליאק בישראל|
MEMBERS_2=חברי עמותת צליאק הרשומים במדריך המקוון|
MADRISH_GLUTEN_INTERNET=מדריך גלוטן באינטרנט|
CELIAC_MEMBER_HELP_LINK=אם אינך זוכר\ת את מספר החבר בעמותה, ניתן למצוא אותו באתר העמותה |
CLICK_HERE_LINK=באזור האישי
